db_and.pbm 0026
db_apost.pbm 0027
db_colon.pbm 003a
db_comma.pbm 002c
db_comma_sl.pbm 002c
db_emark.pbm 0021
db_emark_sl.pbm 0021
db_hyphen.pbm 002d
db_hyphen_sl.pbm 002d
db_period.pbm 002e
db_period_sl.pbm 002e
db_plus.pbm 002b
db_qmark.pbm 003f
db_qmark_sl.pbm 003f
db_quot.pbm 0022
db_slash.pbm 002f
db_a.pbm a
db_A.pbm A
db_a_sl.pbm a
db_A_sl.pbm A
db_b.pbm b
db_B.pbm B
db_b_sl.pbm b
db_B_sl.pbm B
db_c.pbm c
db_C.pbm C
db_c_sl.pbm c
db_C_sl.pbm C
db_d.pbm d
db_D.pbm D
db_d_sl.pbm d
db_D_sl.pbm D
db_e.pbm e
db_E.pbm E
db_e_sl.pbm e
db_E_sl.pbm E
db_f.pbm f
db_F.pbm F
db_f_sl.pbm f
db_g.pbm g
db_G.pbm G
db_g_sl.pbm g
db_G_sl.pbm G
db_h.pbm h
db_H.pbm H
db_h_sl.pbm h
db_H_sl.pbm H
db_i.pbm i
db_i_sl.pbm i
db_j.pbm j
db_J.pbm J
db_j_sl.pbm j
db_J_sl.pbm J
db_k.pbm k
db_K.pbm K
db_k_sl.pbm k
db_K_sl.pbm K
db_l.pbm l
db_L.pbm L
db_l_sl.pbm l
db_L_sl.pbm L
db_m.pbm m
db_M.pbm M
db_m_sl.pbm m
db_M_sl.pbm M
db_n.pbm n
db_N.pbm N
db_n_sl.pbm n
db_N_sl.pbm N
db_o.pbm o
db_O.pbm O
db_o_sl.pbm o
db_O_sl.pbm O
db_p.pbm p
db_P.pbm P
db_p_sl.pbm p
db_P_sl.pbm P
db_Q.pbm Q
db_r.pbm r
db_R.pbm R
db_r_sl.pbm r
db_R_sl.pbm R
db_s.pbm s
db_S.pbm S
db_s_sl.pbm s
db_S_sl.pbm S
db_t.pbm t
db_T.pbm T
db_t_sl.pbm t
db_T_sl.pbm T
db_u.pbm u
db_U.pbm U
db_u_sl.pbm u
db_v.pbm v
db_V.pbm V
db_v_sl.pbm v
db_V_sl.pbm V
db_w.pbm w
db_W.pbm W
db_w_sl.pbm w
db_W_sl.pbm W
db_x.pbm x
db_X.pbm X
db_x_sl.pbm x
db_y.pbm y
db_Y.pbm Y
db_y_sl.pbm y
db_Y_sl.pbm Y
db_z.pbm z
db_Z.pbm Z
db_z_sl.pbm z
db_ä.pbm ä
db_Ä.pbm Ä
db_ä_sl.pbm ä
db_ö.pbm ö
db_ö_sl.pbm ö
db_Ö.pbm Ö
db_0.pbm 0
db_0_sl.pbm 0
db_1.pbm 1
db_1_sl.pbm 1
db_2.pbm 2
db_3.pbm 3
db_4.pbm 4
db_4_sl.pbm 4
db_5.pbm 5
db_6.pbm 6
db_6_sl.pbm 6
db_7.pbm 7
db_8.pbm 8
db_9.pbm 9
db_9_sl.pbm 9
